
```
# mdadm --create --verbose /dev/md2 --level=5 --raid-devices=3 /dev/sdb /dev/sdc /dev/sdf

```

```
root@mcp:~# mkfs /dev/md2 
mke2fs 1.45.5 (07-Jan-2020)
/dev/md2 contains a xfs file system
Proceed anyway? (y,N) y
Creating filesystem with 976691200 4k blocks and 244178944 inodes
Filesystem UUID: c47890f0-8f24-4f3b-b497-d182bf969b9c
Superblock backups stored on blocks: 
	32768, 98304, 163840, 229376, 294912, 819200, 884736, 1605632, 2654208, 
	4096000, 7962624, 11239424, 20480000, 23887872, 71663616, 78675968, 
	102400000, 214990848, 512000000, 550731776, 644972544

Allocating group tables: done                            
Writing inode tables: done                            
Writing superblocks and filesystem accounting information: done       

root@mcp:~# 
```

```
root@mcp:~# mdadm --detail /dev/md2
/dev/md2:
           Version : 1.2
     Creation Time : Sat Dec 30 13:25:29 2023
        Raid Level : raid5
        Array Size : 3906764800 (3725.78 GiB 4000.53 GB)
     Used Dev Size : 1953382400 (1862.89 GiB 2000.26 GB)
      Raid Devices : 3
     Total Devices : 3
       Persistence : Superblock is persistent

     Intent Bitmap : Internal

       Update Time : Sun Dec 31 13:11:45 2023
             State : clean 
    Active Devices : 3
   Working Devices : 3
    Failed Devices : 0
     Spare Devices : 0

            Layout : left-symmetric
        Chunk Size : 512K

Consistency Policy : bitmap

              Name : mcp:2  (local to host mcp)
              UUID : 30378aa0:fbfa34f8:aff0b9c1:5390696b
            Events : 3480

    Number   Major   Minor   RaidDevice State
       0       8       16        0      active sync   /dev/sdb
       1       8       32        1      active sync   /dev/sdc
       3       8       80        2      active sync   /dev/sdf
root@mcp:~# 
```

On reboot the array became md127

Set the ARRAYs in /etc/mdadm/mdadm.conf to: 
```
ARRAY /dev/md/0  metadata=1.2 UUID=e6ec82e3:a9b750af:d1056ea3:1c540e24 name=mcp:0
ARRAY /dev/md/2  metadata=1.2 UUID=30378aa0:fbfa34f8:aff0b9c1:5390696b name=mcp:2
```

Run command and reboot:
```
root@mcp:~# update-initramfs -u 
update-initramfs: Generating /boot/initrd.img-5.4.0-80-generic
root@mcp:~# 
```



